// Vitest Snapshot v1, https://vitest.dev/guide/snapshot.html

exports[`tab context menu ownership > goes native on macOS desktop (plain string labels, no web-only capabilities) 1`] = `
[
  {
    "id": "0",
    "label": "tab.pin",
    "type": "normal",
  },
  {
    "id": "1",
    "label": "tab.openInSplitView",
    "type": "normal",
  },
  {
    "type": "separator",
  },
  {
    "id": "3",
    "label": "tab.closeCurrentTab",
    "type": "normal",
  },
  {
    "id": "4",
    "label": "tab.closeOtherTabs",
    "type": "normal",
  },
  {
    "type": "separator",
  },
  {
    "id": "6",
    "label": "tab.closeLeftTabs",
    "type": "normal",
  },
  {
    "id": "7",
    "label": "tab.closeRightTabs",
    "type": "normal",
  },
]
`;
